// Jest Snapshot v1, https://goo.gl/fbAQLP

exports[`Offers Component should render a blank offers if no props are passed in 1`] = `
<div
  className="offers"
/>
`;
